2026-03-19 05:55:15 [@TEKCSZ-NB115]
CSRF check failed for User ID:  at /glpi/ajax/central.php
[2026-03-19 05:55:17] User ID: `Anonymous` tried to execute an invalid request on `/ajax/central.php`.

  Backtrace :
  .\src\Session.php:1783                             
  ...ner\ControllerListener\CheckCsrfListener.php:82 Session::checkCSRF()
  ...ymfony\event-dispatcher\EventDispatcher.php:260 Glpi\Kernel\Listener\ControllerListener\CheckCsrfListener->onKernelController()
  ...ymfony\event-dispatcher\EventDispatcher.php:220 Symfony\Component\EventDispatcher\EventDispatcher::Symfony\Component\EventDispatcher\{closure}()
  ...symfony\event-dispatcher\EventDispatcher.php:56 Symfony\Component\EventDispatcher\EventDispatcher->callListeners()
  .\vendor\symfony\http-kernel\HttpKernel.php:169    Symfony\Component\EventDispatcher\EventDispatcher->dispatch()
  .\vendor\symfony\http-kernel\HttpKernel.php:76     Symfony\Component\HttpKernel\HttpKernel->handleRaw()
  .\vendor\symfony\http-kernel\Kernel.php:197        Symfony\Component\HttpKernel\HttpKernel->handle()
  .\public\index.php:70                              Symfony\Component\HttpKernel\Kernel->handle()
2026-03-19 05:55:22 [@TEKCSZ-NB115]
CSRF check failed for User ID:  at /glpi/ajax/central.php
[2026-03-19 05:55:22] User ID: `Anonymous` tried to execute an invalid request on `/ajax/central.php`.

  Backtrace :
  .\src\Session.php:1783                             
  ...ner\ControllerListener\CheckCsrfListener.php:82 Session::checkCSRF()
  ...ymfony\event-dispatcher\EventDispatcher.php:260 Glpi\Kernel\Listener\ControllerListener\CheckCsrfListener->onKernelController()
  ...ymfony\event-dispatcher\EventDispatcher.php:220 Symfony\Component\EventDispatcher\EventDispatcher::Symfony\Component\EventDispatcher\{closure}()
  ...symfony\event-dispatcher\EventDispatcher.php:56 Symfony\Component\EventDispatcher\EventDispatcher->callListeners()
  .\vendor\symfony\http-kernel\HttpKernel.php:169    Symfony\Component\EventDispatcher\EventDispatcher->dispatch()
  .\vendor\symfony\http-kernel\HttpKernel.php:76     Symfony\Component\HttpKernel\HttpKernel->handleRaw()
  .\vendor\symfony\http-kernel\Kernel.php:197        Symfony\Component\HttpKernel\HttpKernel->handle()
  .\public\index.php:70                              Symfony\Component\HttpKernel\Kernel->handle()
2026-03-19 05:55:32 [@TEKCSZ-NB115]
CSRF check failed for User ID:  at /glpi/ajax/central.php
[2026-03-19 05:55:33] User ID: `Anonymous` tried to execute an invalid request on `/ajax/central.php`.

  Backtrace :
  .\src\Session.php:1783                             
  ...ner\ControllerListener\CheckCsrfListener.php:82 Session::checkCSRF()
  ...ymfony\event-dispatcher\EventDispatcher.php:260 Glpi\Kernel\Listener\ControllerListener\CheckCsrfListener->onKernelController()
  ...ymfony\event-dispatcher\EventDispatcher.php:220 Symfony\Component\EventDispatcher\EventDispatcher::Symfony\Component\EventDispatcher\{closure}()
  ...symfony\event-dispatcher\EventDispatcher.php:56 Symfony\Component\EventDispatcher\EventDispatcher->callListeners()
  .\vendor\symfony\http-kernel\HttpKernel.php:169    Symfony\Component\EventDispatcher\EventDispatcher->dispatch()
  .\vendor\symfony\http-kernel\HttpKernel.php:76     Symfony\Component\HttpKernel\HttpKernel->handleRaw()
  .\vendor\symfony\http-kernel\Kernel.php:197        Symfony\Component\HttpKernel\HttpKernel->handle()
  .\public\index.php:70                              Symfony\Component\HttpKernel\Kernel->handle()
2026-03-19 05:55:37 [@TEKCSZ-NB115]
CSRF check failed for User ID:  at /glpi/ajax/central.php
[2026-03-19 05:55:37] User ID: `Anonymous` tried to execute an invalid request on `/ajax/central.php`.

  Backtrace :
  .\src\Session.php:1783                             
  ...ner\ControllerListener\CheckCsrfListener.php:82 Session::checkCSRF()
  ...ymfony\event-dispatcher\EventDispatcher.php:260 Glpi\Kernel\Listener\ControllerListener\CheckCsrfListener->onKernelController()
  ...ymfony\event-dispatcher\EventDispatcher.php:220 Symfony\Component\EventDispatcher\EventDispatcher::Symfony\Component\EventDispatcher\{closure}()
  ...symfony\event-dispatcher\EventDispatcher.php:56 Symfony\Component\EventDispatcher\EventDispatcher->callListeners()
  .\vendor\symfony\http-kernel\HttpKernel.php:169    Symfony\Component\EventDispatcher\EventDispatcher->dispatch()
  .\vendor\symfony\http-kernel\HttpKernel.php:76     Symfony\Component\HttpKernel\HttpKernel->handleRaw()
  .\vendor\symfony\http-kernel\Kernel.php:197        Symfony\Component\HttpKernel\HttpKernel->handle()
  .\public\index.php:70                              Symfony\Component\HttpKernel\Kernel->handle()
2026-03-19 05:55:52 [@TEKCSZ-NB115]
CSRF check failed for User ID:  at /glpi/ajax/central.php
[2026-03-19 05:55:52] User ID: `Anonymous` tried to execute an invalid request on `/ajax/central.php`.

  Backtrace :
  .\src\Session.php:1783                             
  ...ner\ControllerListener\CheckCsrfListener.php:82 Session::checkCSRF()
  ...ymfony\event-dispatcher\EventDispatcher.php:260 Glpi\Kernel\Listener\ControllerListener\CheckCsrfListener->onKernelController()
  ...ymfony\event-dispatcher\EventDispatcher.php:220 Symfony\Component\EventDispatcher\EventDispatcher::Symfony\Component\EventDispatcher\{closure}()
  ...symfony\event-dispatcher\EventDispatcher.php:56 Symfony\Component\EventDispatcher\EventDispatcher->callListeners()
  .\vendor\symfony\http-kernel\HttpKernel.php:169    Symfony\Component\EventDispatcher\EventDispatcher->dispatch()
  .\vendor\symfony\http-kernel\HttpKernel.php:76     Symfony\Component\HttpKernel\HttpKernel->handleRaw()
  .\vendor\symfony\http-kernel\Kernel.php:197        Symfony\Component\HttpKernel\HttpKernel->handle()
  .\public\index.php:70                              Symfony\Component\HttpKernel\Kernel->handle()
2026-03-19 05:55:57 [@TEKCSZ-NB115]
CSRF check failed for User ID:  at /glpi/ajax/central.php
[2026-03-19 05:55:57] User ID: `Anonymous` tried to execute an invalid request on `/ajax/central.php`.

  Backtrace :
  .\src\Session.php:1783                             
  ...ner\ControllerListener\CheckCsrfListener.php:82 Session::checkCSRF()
  ...ymfony\event-dispatcher\EventDispatcher.php:260 Glpi\Kernel\Listener\ControllerListener\CheckCsrfListener->onKernelController()
  ...ymfony\event-dispatcher\EventDispatcher.php:220 Symfony\Component\EventDispatcher\EventDispatcher::Symfony\Component\EventDispatcher\{closure}()
  ...symfony\event-dispatcher\EventDispatcher.php:56 Symfony\Component\EventDispatcher\EventDispatcher->callListeners()
  .\vendor\symfony\http-kernel\HttpKernel.php:169    Symfony\Component\EventDispatcher\EventDispatcher->dispatch()
  .\vendor\symfony\http-kernel\HttpKernel.php:76     Symfony\Component\HttpKernel\HttpKernel->handleRaw()
  .\vendor\symfony\http-kernel\Kernel.php:197        Symfony\Component\HttpKernel\HttpKernel->handle()
  .\public\index.php:70                              Symfony\Component\HttpKernel\Kernel->handle()
2026-03-19 05:56:08 [@TEKCSZ-NB115]
CSRF check failed for User ID:  at /glpi/ajax/central.php
[2026-03-19 05:56:09] User ID: `Anonymous` tried to execute an invalid request on `/ajax/central.php`.

  Backtrace :
  .\src\Session.php:1783                             
  ...ner\ControllerListener\CheckCsrfListener.php:82 Session::checkCSRF()
  ...ymfony\event-dispatcher\EventDispatcher.php:260 Glpi\Kernel\Listener\ControllerListener\CheckCsrfListener->onKernelController()
  ...ymfony\event-dispatcher\EventDispatcher.php:220 Symfony\Component\EventDispatcher\EventDispatcher::Symfony\Component\EventDispatcher\{closure}()
  ...symfony\event-dispatcher\EventDispatcher.php:56 Symfony\Component\EventDispatcher\EventDispatcher->callListeners()
  .\vendor\symfony\http-kernel\HttpKernel.php:169    Symfony\Component\EventDispatcher\EventDispatcher->dispatch()
  .\vendor\symfony\http-kernel\HttpKernel.php:76     Symfony\Component\HttpKernel\HttpKernel->handleRaw()
  .\vendor\symfony\http-kernel\Kernel.php:197        Symfony\Component\HttpKernel\HttpKernel->handle()
  .\public\index.php:70                              Symfony\Component\HttpKernel\Kernel->handle()
2026-03-19 05:56:20 [@TEKCSZ-NB115]
CSRF check failed for User ID:  at /glpi/ajax/central.php
[2026-03-19 05:56:22] User ID: `Anonymous` tried to execute an invalid request on `/ajax/central.php`.

  Backtrace :
  .\src\Session.php:1783                             
  ...ner\ControllerListener\CheckCsrfListener.php:82 Session::checkCSRF()
  ...ymfony\event-dispatcher\EventDispatcher.php:260 Glpi\Kernel\Listener\ControllerListener\CheckCsrfListener->onKernelController()
  ...ymfony\event-dispatcher\EventDispatcher.php:220 Symfony\Component\EventDispatcher\EventDispatcher::Symfony\Component\EventDispatcher\{closure}()
  ...symfony\event-dispatcher\EventDispatcher.php:56 Symfony\Component\EventDispatcher\EventDispatcher->callListeners()
  .\vendor\symfony\http-kernel\HttpKernel.php:169    Symfony\Component\EventDispatcher\EventDispatcher->dispatch()
  .\vendor\symfony\http-kernel\HttpKernel.php:76     Symfony\Component\HttpKernel\HttpKernel->handleRaw()
  .\vendor\symfony\http-kernel\Kernel.php:197        Symfony\Component\HttpKernel\HttpKernel->handle()
  .\public\index.php:70                              Symfony\Component\HttpKernel\Kernel->handle()
2026-03-19 05:56:32 [@TEKCSZ-NB115]
CSRF check failed for User ID:  at /glpi/ajax/central.php
[2026-03-19 05:56:35] User ID: `Anonymous` tried to execute an invalid request on `/ajax/central.php`.

  Backtrace :
  .\src\Session.php:1783                             
  ...ner\ControllerListener\CheckCsrfListener.php:82 Session::checkCSRF()
  ...ymfony\event-dispatcher\EventDispatcher.php:260 Glpi\Kernel\Listener\ControllerListener\CheckCsrfListener->onKernelController()
  ...ymfony\event-dispatcher\EventDispatcher.php:220 Symfony\Component\EventDispatcher\EventDispatcher::Symfony\Component\EventDispatcher\{closure}()
  ...symfony\event-dispatcher\EventDispatcher.php:56 Symfony\Component\EventDispatcher\EventDispatcher->callListeners()
  .\vendor\symfony\http-kernel\HttpKernel.php:169    Symfony\Component\EventDispatcher\EventDispatcher->dispatch()
  .\vendor\symfony\http-kernel\HttpKernel.php:76     Symfony\Component\HttpKernel\HttpKernel->handleRaw()
  .\vendor\symfony\http-kernel\Kernel.php:197        Symfony\Component\HttpKernel\HttpKernel->handle()
  .\public\index.php:70                              Symfony\Component\HttpKernel\Kernel->handle()
2026-03-19 05:56:52 [@TEKCSZ-NB115]
CSRF check failed for User ID:  at /glpi/ajax/central.php
[2026-03-19 05:56:55] User ID: `Anonymous` tried to execute an invalid request on `/ajax/central.php`.

  Backtrace :
  .\src\Session.php:1783                             
  ...ner\ControllerListener\CheckCsrfListener.php:82 Session::checkCSRF()
  ...ymfony\event-dispatcher\EventDispatcher.php:260 Glpi\Kernel\Listener\ControllerListener\CheckCsrfListener->onKernelController()
  ...ymfony\event-dispatcher\EventDispatcher.php:220 Symfony\Component\EventDispatcher\EventDispatcher::Symfony\Component\EventDispatcher\{closure}()
  ...symfony\event-dispatcher\EventDispatcher.php:56 Symfony\Component\EventDispatcher\EventDispatcher->callListeners()
  .\vendor\symfony\http-kernel\HttpKernel.php:169    Symfony\Component\EventDispatcher\EventDispatcher->dispatch()
  .\vendor\symfony\http-kernel\HttpKernel.php:76     Symfony\Component\HttpKernel\HttpKernel->handleRaw()
  .\vendor\symfony\http-kernel\Kernel.php:197        Symfony\Component\HttpKernel\HttpKernel->handle()
  .\public\index.php:70                              Symfony\Component\HttpKernel\Kernel->handle()
2026-03-19 06:34:58 [@TEKCSZ-NB115]
CSRF check failed for User ID:  at /glpi/front/login.php
[2026-03-19 06:34:58] User ID: `Anonymous` tried to execute an invalid request on `/front/login.php`.

  Backtrace :
  .\src\Session.php:1783                             
  ...ner\ControllerListener\CheckCsrfListener.php:89 Session::checkCSRF()
  ...ymfony\event-dispatcher\EventDispatcher.php:260 Glpi\Kernel\Listener\ControllerListener\CheckCsrfListener->onKernelController()
  ...ymfony\event-dispatcher\EventDispatcher.php:220 Symfony\Component\EventDispatcher\EventDispatcher::Symfony\Component\EventDispatcher\{closure}()
  ...symfony\event-dispatcher\EventDispatcher.php:56 Symfony\Component\EventDispatcher\EventDispatcher->callListeners()
  .\vendor\symfony\http-kernel\HttpKernel.php:169    Symfony\Component\EventDispatcher\EventDispatcher->dispatch()
  .\vendor\symfony\http-kernel\HttpKernel.php:76     Symfony\Component\HttpKernel\HttpKernel->handleRaw()
  .\vendor\symfony\http-kernel\Kernel.php:197        Symfony\Component\HttpKernel\HttpKernel->handle()
  .\public\index.php:70                              Symfony\Component\HttpKernel\Kernel->handle()
[2026-03-20 10:46:15] User ID: `2` tried to execute an invalid request on `/front/entity.form.php?id=3`.
  Additional information: Missing READ right. Cannot view the item.
  Backtrace :
  .\src\CommonDBTM.php:6543                          
  ...\Glpi\Controller\DropdownFormController.php:213 CommonDBTM::displayFullPageForItem()
  .\vendor\symfony\http-kernel\HttpKernel.php:181    Glpi\Controller\DropdownFormController->__invoke()
  .\vendor\symfony\http-kernel\HttpKernel.php:76     Symfony\Component\HttpKernel\HttpKernel->handleRaw()
  .\vendor\symfony\http-kernel\Kernel.php:197        Symfony\Component\HttpKernel\HttpKernel->handle()
  .\public\index.php:70                              Symfony\Component\HttpKernel\Kernel->handle()
[2026-03-20 10:46:28] User ID: `2` tried to execute an invalid request on `/front/entity.form.php?id=2`.
  Additional information: Missing READ right. Cannot view the item.
  Backtrace :
  .\src\CommonDBTM.php:6543                          
  ...\Glpi\Controller\DropdownFormController.php:213 CommonDBTM::displayFullPageForItem()
  .\vendor\symfony\http-kernel\HttpKernel.php:181    Glpi\Controller\DropdownFormController->__invoke()
  .\vendor\symfony\http-kernel\HttpKernel.php:76     Symfony\Component\HttpKernel\HttpKernel->handleRaw()
  .\vendor\symfony\http-kernel\Kernel.php:197        Symfony\Component\HttpKernel\HttpKernel->handle()
  .\public\index.php:70                              Symfony\Component\HttpKernel\Kernel->handle()
[2026-03-20 10:46:43] User ID: `2` tried to execute an invalid request on `/front/entity.form.php?id=2`.
  Additional information: Missing READ right. Cannot view the item.
  Backtrace :
  .\src\CommonDBTM.php:6543                          
  ...\Glpi\Controller\DropdownFormController.php:213 CommonDBTM::displayFullPageForItem()
  .\vendor\symfony\http-kernel\HttpKernel.php:181    Glpi\Controller\DropdownFormController->__invoke()
  .\vendor\symfony\http-kernel\HttpKernel.php:76     Symfony\Component\HttpKernel\HttpKernel->handleRaw()
  .\vendor\symfony\http-kernel\Kernel.php:197        Symfony\Component\HttpKernel\HttpKernel->handle()
  .\public\index.php:70                              Symfony\Component\HttpKernel\Kernel->handle()
[2026-03-20 10:46:58] User ID: `2` tried to execute an invalid request on `/front/entity.form.php?id=2`.
  Additional information: Missing READ right. Cannot view the item.
  Backtrace :
  .\src\CommonDBTM.php:6543                          
  ...\Glpi\Controller\DropdownFormController.php:213 CommonDBTM::displayFullPageForItem()
  .\vendor\symfony\http-kernel\HttpKernel.php:181    Glpi\Controller\DropdownFormController->__invoke()
  .\vendor\symfony\http-kernel\HttpKernel.php:76     Symfony\Component\HttpKernel\HttpKernel->handleRaw()
  .\vendor\symfony\http-kernel\Kernel.php:197        Symfony\Component\HttpKernel\HttpKernel->handle()
  .\public\index.php:70                              Symfony\Component\HttpKernel\Kernel->handle()
[2026-03-20 10:47:04] User ID: `2` tried to execute an invalid request on `/front/entity.form.php?id=2`.
  Additional information: Missing READ right. Cannot view the item.
  Backtrace :
  .\src\CommonDBTM.php:6543                          
  ...\Glpi\Controller\DropdownFormController.php:213 CommonDBTM::displayFullPageForItem()
  .\vendor\symfony\http-kernel\HttpKernel.php:181    Glpi\Controller\DropdownFormController->__invoke()
  .\vendor\symfony\http-kernel\HttpKernel.php:76     Symfony\Component\HttpKernel\HttpKernel->handleRaw()
  .\vendor\symfony\http-kernel\Kernel.php:197        Symfony\Component\HttpKernel\HttpKernel->handle()
  .\public\index.php:70                              Symfony\Component\HttpKernel\Kernel->handle()
[2026-03-20 10:47:10] User ID: `2` tried to execute an invalid request on `/front/entity.form.php?id=2`.
  Additional information: Missing READ right. Cannot view the item.
  Backtrace :
  .\src\CommonDBTM.php:6543                          
  ...\Glpi\Controller\DropdownFormController.php:213 CommonDBTM::displayFullPageForItem()
  .\vendor\symfony\http-kernel\HttpKernel.php:181    Glpi\Controller\DropdownFormController->__invoke()
  .\vendor\symfony\http-kernel\HttpKernel.php:76     Symfony\Component\HttpKernel\HttpKernel->handleRaw()
  .\vendor\symfony\http-kernel\Kernel.php:197        Symfony\Component\HttpKernel\HttpKernel->handle()
  .\public\index.php:70                              Symfony\Component\HttpKernel\Kernel->handle()
[2026-03-20 10:47:16] User ID: `2` tried to execute an invalid request on `/front/entity.form.php?id=2`.
  Additional information: Missing READ right. Cannot view the item.
  Backtrace :
  .\src\CommonDBTM.php:6543                          
  ...\Glpi\Controller\DropdownFormController.php:213 CommonDBTM::displayFullPageForItem()
  .\vendor\symfony\http-kernel\HttpKernel.php:181    Glpi\Controller\DropdownFormController->__invoke()
  .\vendor\symfony\http-kernel\HttpKernel.php:76     Symfony\Component\HttpKernel\HttpKernel->handleRaw()
  .\vendor\symfony\http-kernel\Kernel.php:197        Symfony\Component\HttpKernel\HttpKernel->handle()
  .\public\index.php:70                              Symfony\Component\HttpKernel\Kernel->handle()
[2026-03-20 11:03:00] User ID: `2` tried to execute an invalid request on `/front/entity.form.php?id=1`.
  Additional information: Missing READ right. Cannot view the item.
  Backtrace :
  .\src\CommonDBTM.php:6543                          
  ...\Glpi\Controller\DropdownFormController.php:213 CommonDBTM::displayFullPageForItem()
  .\vendor\symfony\http-kernel\HttpKernel.php:181    Glpi\Controller\DropdownFormController->__invoke()
  .\vendor\symfony\http-kernel\HttpKernel.php:76     Symfony\Component\HttpKernel\HttpKernel->handleRaw()
  .\vendor\symfony\http-kernel\Kernel.php:197        Symfony\Component\HttpKernel\HttpKernel->handle()
  .\public\index.php:70                              Symfony\Component\HttpKernel\Kernel->handle()
[2026-03-20 11:03:05] User ID: `2` tried to execute an invalid request on `/front/entity.form.php?id=1`.
  Additional information: Missing READ right. Cannot view the item.
  Backtrace :
  .\src\CommonDBTM.php:6543                          
  ...\Glpi\Controller\DropdownFormController.php:213 CommonDBTM::displayFullPageForItem()
  .\vendor\symfony\http-kernel\HttpKernel.php:181    Glpi\Controller\DropdownFormController->__invoke()
  .\vendor\symfony\http-kernel\HttpKernel.php:76     Symfony\Component\HttpKernel\HttpKernel->handleRaw()
  .\vendor\symfony\http-kernel\Kernel.php:197        Symfony\Component\HttpKernel\HttpKernel->handle()
  .\public\index.php:70                              Symfony\Component\HttpKernel\Kernel->handle()
[2026-03-20 11:03:13] User ID: `2` tried to execute an invalid request on `/front/entity.form.php?id=1`.
  Additional information: Missing READ right. Cannot view the item.
  Backtrace :
  .\src\CommonDBTM.php:6543                          
  ...\Glpi\Controller\DropdownFormController.php:213 CommonDBTM::displayFullPageForItem()
  .\vendor\symfony\http-kernel\HttpKernel.php:181    Glpi\Controller\DropdownFormController->__invoke()
  .\vendor\symfony\http-kernel\HttpKernel.php:76     Symfony\Component\HttpKernel\HttpKernel->handleRaw()
  .\vendor\symfony\http-kernel\Kernel.php:197        Symfony\Component\HttpKernel\HttpKernel->handle()
  .\public\index.php:70                              Symfony\Component\HttpKernel\Kernel->handle()
[2026-03-20 11:03:18] User ID: `2` tried to execute an invalid request on `/front/entity.form.php?id=1`.
  Additional information: Missing READ right. Cannot view the item.
  Backtrace :
  .\src\CommonDBTM.php:6543                          
  ...\Glpi\Controller\DropdownFormController.php:213 CommonDBTM::displayFullPageForItem()
  .\vendor\symfony\http-kernel\HttpKernel.php:181    Glpi\Controller\DropdownFormController->__invoke()
  .\vendor\symfony\http-kernel\HttpKernel.php:76     Symfony\Component\HttpKernel\HttpKernel->handleRaw()
  .\vendor\symfony\http-kernel\Kernel.php:197        Symfony\Component\HttpKernel\HttpKernel->handle()
  .\public\index.php:70                              Symfony\Component\HttpKernel\Kernel->handle()
[2026-03-20 11:03:21] User ID: `2` tried to execute an invalid request on `/front/entity.form.php?id=1`.
  Additional information: Missing READ right. Cannot view the item.
  Backtrace :
  .\src\CommonDBTM.php:6543                          
  ...\Glpi\Controller\DropdownFormController.php:213 CommonDBTM::displayFullPageForItem()
  .\vendor\symfony\http-kernel\HttpKernel.php:181    Glpi\Controller\DropdownFormController->__invoke()
  .\vendor\symfony\http-kernel\HttpKernel.php:76     Symfony\Component\HttpKernel\HttpKernel->handleRaw()
  .\vendor\symfony\http-kernel\Kernel.php:197        Symfony\Component\HttpKernel\HttpKernel->handle()
  .\public\index.php:70                              Symfony\Component\HttpKernel\Kernel->handle()
[2026-03-20 11:03:22] User ID: `2` tried to execute an invalid request on `/front/entity.form.php?id=1`.
  Additional information: Missing READ right. Cannot view the item.
  Backtrace :
  .\src\CommonDBTM.php:6543                          
  ...\Glpi\Controller\DropdownFormController.php:213 CommonDBTM::displayFullPageForItem()
  .\vendor\symfony\http-kernel\HttpKernel.php:181    Glpi\Controller\DropdownFormController->__invoke()
  .\vendor\symfony\http-kernel\HttpKernel.php:76     Symfony\Component\HttpKernel\HttpKernel->handleRaw()
  .\vendor\symfony\http-kernel\Kernel.php:197        Symfony\Component\HttpKernel\HttpKernel->handle()
  .\public\index.php:70                              Symfony\Component\HttpKernel\Kernel->handle()
[2026-03-20 11:03:23] User ID: `2` tried to execute an invalid request on `/front/entity.form.php?id=1`.
  Additional information: Missing READ right. Cannot view the item.
  Backtrace :
  .\src\CommonDBTM.php:6543                          
  ...\Glpi\Controller\DropdownFormController.php:213 CommonDBTM::displayFullPageForItem()
  .\vendor\symfony\http-kernel\HttpKernel.php:181    Glpi\Controller\DropdownFormController->__invoke()
  .\vendor\symfony\http-kernel\HttpKernel.php:76     Symfony\Component\HttpKernel\HttpKernel->handleRaw()
  .\vendor\symfony\http-kernel\Kernel.php:197        Symfony\Component\HttpKernel\HttpKernel->handle()
  .\public\index.php:70                              Symfony\Component\HttpKernel\Kernel->handle()
[2026-03-20 11:03:25] User ID: `2` tried to execute an invalid request on `/front/entity.form.php?id=1`.
  Additional information: Missing READ right. Cannot view the item.
  Backtrace :
  .\src\CommonDBTM.php:6543                          
  ...\Glpi\Controller\DropdownFormController.php:213 CommonDBTM::displayFullPageForItem()
  .\vendor\symfony\http-kernel\HttpKernel.php:181    Glpi\Controller\DropdownFormController->__invoke()
  .\vendor\symfony\http-kernel\HttpKernel.php:76     Symfony\Component\HttpKernel\HttpKernel->handleRaw()
  .\vendor\symfony\http-kernel\Kernel.php:197        Symfony\Component\HttpKernel\HttpKernel->handle()
  .\public\index.php:70                              Symfony\Component\HttpKernel\Kernel->handle()
[2026-03-20 11:03:33] User ID: `2` tried to execute an invalid request on `/front/user.form.php?id=2`.
  Additional information: Missing READ right. Cannot view the item.
  Backtrace :
  .\src\CommonDBTM.php:6543                          
  .\front\user.form.php:227                          CommonDBTM::displayFullPageForItem()
  ...Glpi\Controller\LegacyFileLoadController.php:64 require()
  .\vendor\symfony\http-kernel\HttpKernel.php:181    Glpi\Controller\LegacyFileLoadController->__invoke()
  .\vendor\symfony\http-kernel\HttpKernel.php:76     Symfony\Component\HttpKernel\HttpKernel->handleRaw()
  .\vendor\symfony\http-kernel\Kernel.php:197        Symfony\Component\HttpKernel\HttpKernel->handle()
  .\public\index.php:70                              Symfony\Component\HttpKernel\Kernel->handle()
[2026-03-20 11:04:12] User ID: `2` tried to execute an invalid request on `/front/user.form.php?id=2`.
  Additional information: Missing READ right. Cannot view the item.
  Backtrace :
  .\src\CommonDBTM.php:6543                          
  .\front\user.form.php:227                          CommonDBTM::displayFullPageForItem()
  ...Glpi\Controller\LegacyFileLoadController.php:64 require()
  .\vendor\symfony\http-kernel\HttpKernel.php:181    Glpi\Controller\LegacyFileLoadController->__invoke()
  .\vendor\symfony\http-kernel\HttpKernel.php:76     Symfony\Component\HttpKernel\HttpKernel->handleRaw()
  .\vendor\symfony\http-kernel\Kernel.php:197        Symfony\Component\HttpKernel\HttpKernel->handle()
  .\public\index.php:70                              Symfony\Component\HttpKernel\Kernel->handle()
[2026-03-20 11:04:39] User ID: `2` tried to execute an invalid request on `/front/user.form.php?id=5`.
  Additional information: Missing READ right. Cannot view the item.
  Backtrace :
  .\src\CommonDBTM.php:6543                          
  .\front\user.form.php:227                          CommonDBTM::displayFullPageForItem()
  ...Glpi\Controller\LegacyFileLoadController.php:64 require()
  .\vendor\symfony\http-kernel\HttpKernel.php:181    Glpi\Controller\LegacyFileLoadController->__invoke()
  .\vendor\symfony\http-kernel\HttpKernel.php:76     Symfony\Component\HttpKernel\HttpKernel->handleRaw()
  .\vendor\symfony\http-kernel\Kernel.php:197        Symfony\Component\HttpKernel\HttpKernel->handle()
  .\public\index.php:70                              Symfony\Component\HttpKernel\Kernel->handle()
[2026-03-20 11:14:30] User ID: `2` tried to execute an invalid request on `/front/entity.form.php?id=4`.
  Additional information: Missing READ right. Cannot view the item.
  Backtrace :
  .\src\CommonDBTM.php:6543                          
  ...\Glpi\Controller\DropdownFormController.php:213 CommonDBTM::displayFullPageForItem()
  .\vendor\symfony\http-kernel\HttpKernel.php:181    Glpi\Controller\DropdownFormController->__invoke()
  .\vendor\symfony\http-kernel\HttpKernel.php:76     Symfony\Component\HttpKernel\HttpKernel->handleRaw()
  .\vendor\symfony\http-kernel\Kernel.php:197        Symfony\Component\HttpKernel\HttpKernel->handle()
  .\public\index.php:70                              Symfony\Component\HttpKernel\Kernel->handle()
[2026-03-20 11:15:09] User ID: `2` tried to execute an invalid request on `/front/entity.form.php?id=3`.
  Additional information: Missing READ right. Cannot view the item.
  Backtrace :
  .\src\CommonDBTM.php:6543                          
  ...\Glpi\Controller\DropdownFormController.php:213 CommonDBTM::displayFullPageForItem()
  .\vendor\symfony\http-kernel\HttpKernel.php:181    Glpi\Controller\DropdownFormController->__invoke()
  .\vendor\symfony\http-kernel\HttpKernel.php:76     Symfony\Component\HttpKernel\HttpKernel->handleRaw()
  .\vendor\symfony\http-kernel\Kernel.php:197        Symfony\Component\HttpKernel\HttpKernel->handle()
  .\public\index.php:70                              Symfony\Component\HttpKernel\Kernel->handle()
[2026-03-20 11:15:17] User ID: `2` tried to execute an invalid request on `/front/entity.form.php?id=3`.
  Additional information: Missing READ right. Cannot view the item.
  Backtrace :
  .\src\CommonDBTM.php:6543                          
  ...\Glpi\Controller\DropdownFormController.php:213 CommonDBTM::displayFullPageForItem()
  .\vendor\symfony\http-kernel\HttpKernel.php:181    Glpi\Controller\DropdownFormController->__invoke()
  .\vendor\symfony\http-kernel\HttpKernel.php:76     Symfony\Component\HttpKernel\HttpKernel->handleRaw()
  .\vendor\symfony\http-kernel\Kernel.php:197        Symfony\Component\HttpKernel\HttpKernel->handle()
  .\public\index.php:70                              Symfony\Component\HttpKernel\Kernel->handle()
[2026-03-20 11:15:21] User ID: `2` tried to execute an invalid request on `/front/entity.form.php?id=3`.
  Additional information: Missing READ right. Cannot view the item.
  Backtrace :
  .\src\CommonDBTM.php:6543                          
  ...\Glpi\Controller\DropdownFormController.php:213 CommonDBTM::displayFullPageForItem()
  .\vendor\symfony\http-kernel\HttpKernel.php:181    Glpi\Controller\DropdownFormController->__invoke()
  .\vendor\symfony\http-kernel\HttpKernel.php:76     Symfony\Component\HttpKernel\HttpKernel->handleRaw()
  .\vendor\symfony\http-kernel\Kernel.php:197        Symfony\Component\HttpKernel\HttpKernel->handle()
  .\public\index.php:70                              Symfony\Component\HttpKernel\Kernel->handle()
[2026-03-20 11:16:09] User ID: `2` tried to execute an invalid request on `/front/entity.form.php?id=5`.
  Additional information: Missing READ right. Cannot view the item.
  Backtrace :
  .\src\CommonDBTM.php:6543                          
  ...\Glpi\Controller\DropdownFormController.php:213 CommonDBTM::displayFullPageForItem()
  .\vendor\symfony\http-kernel\HttpKernel.php:181    Glpi\Controller\DropdownFormController->__invoke()
  .\vendor\symfony\http-kernel\HttpKernel.php:76     Symfony\Component\HttpKernel\HttpKernel->handleRaw()
  .\vendor\symfony\http-kernel\Kernel.php:197        Symfony\Component\HttpKernel\HttpKernel->handle()
  .\public\index.php:70                              Symfony\Component\HttpKernel\Kernel->handle()
[2026-03-20 11:21:26] User ID: `2` tried to execute an invalid request on `/front/entity.form.php?id=2`.
  Additional information: Missing READ right. Cannot view the item.
  Backtrace :
  .\src\CommonDBTM.php:6543                          
  ...\Glpi\Controller\DropdownFormController.php:213 CommonDBTM::displayFullPageForItem()
  .\vendor\symfony\http-kernel\HttpKernel.php:181    Glpi\Controller\DropdownFormController->__invoke()
  .\vendor\symfony\http-kernel\HttpKernel.php:76     Symfony\Component\HttpKernel\HttpKernel->handleRaw()
  .\vendor\symfony\http-kernel\Kernel.php:197        Symfony\Component\HttpKernel\HttpKernel->handle()
  .\public\index.php:70                              Symfony\Component\HttpKernel\Kernel->handle()
2026-03-20 11:45:26 [9@TEKCEZ-SQL01]
CSRF check failed for User ID: 9 at /tek-service-now/public/front/ticket.form.php?id=3
[2026-03-20 11:45:26] User ID: `9` tried to execute an invalid request on `/front/ticket.form.php?id=3`.

  Backtrace :
  .\src\Session.php:1783                             
  ...ner\ControllerListener\CheckCsrfListener.php:89 Session::checkCSRF()
  ...ymfony\event-dispatcher\EventDispatcher.php:260 Glpi\Kernel\Listener\ControllerListener\CheckCsrfListener->onKernelController()
  ...ymfony\event-dispatcher\EventDispatcher.php:220 Symfony\Component\EventDispatcher\EventDispatcher::Symfony\Component\EventDispatcher\{closure}()
  ...symfony\event-dispatcher\EventDispatcher.php:56 Symfony\Component\EventDispatcher\EventDispatcher->callListeners()
  .\vendor\symfony\http-kernel\HttpKernel.php:169    Symfony\Component\EventDispatcher\EventDispatcher->dispatch()
  .\vendor\symfony\http-kernel\HttpKernel.php:76     Symfony\Component\HttpKernel\HttpKernel->handleRaw()
  .\vendor\symfony\http-kernel\Kernel.php:197        Symfony\Component\HttpKernel\HttpKernel->handle()
  .\public\index.php:70                              Symfony\Component\HttpKernel\Kernel->handle()
[2026-03-20 12:00:20] User ID: `9` tried to execute an invalid request on `/front/user.form.php?id=9`.
  Additional information: Missing READ right. Cannot view the item.
  Backtrace :
  .\src\CommonDBTM.php:6543                          
  .\front\user.form.php:227                          CommonDBTM::displayFullPageForItem()
  ...Glpi\Controller\LegacyFileLoadController.php:64 require()
  .\vendor\symfony\http-kernel\HttpKernel.php:181    Glpi\Controller\LegacyFileLoadController->__invoke()
  .\vendor\symfony\http-kernel\HttpKernel.php:76     Symfony\Component\HttpKernel\HttpKernel->handleRaw()
  .\vendor\symfony\http-kernel\Kernel.php:197        Symfony\Component\HttpKernel\HttpKernel->handle()
  .\public\index.php:70                              Symfony\Component\HttpKernel\Kernel->handle()
[2026-03-20 12:19:36] User ID: `2` tried to execute an invalid request on `/front/user.form.php?id=9`.
  Additional information: Missing READ right. Cannot view the item.
  Backtrace :
  .\src\CommonDBTM.php:6543                          
  .\front\user.form.php:227                          CommonDBTM::displayFullPageForItem()
  ...Glpi\Controller\LegacyFileLoadController.php:64 require()
  .\vendor\symfony\http-kernel\HttpKernel.php:181    Glpi\Controller\LegacyFileLoadController->__invoke()
  .\vendor\symfony\http-kernel\HttpKernel.php:76     Symfony\Component\HttpKernel\HttpKernel->handleRaw()
  .\vendor\symfony\http-kernel\Kernel.php:197        Symfony\Component\HttpKernel\HttpKernel->handle()
  .\public\index.php:70                              Symfony\Component\HttpKernel\Kernel->handle()
[2026-03-23 05:45:38] User ID: `2` tried to execute an invalid request on `/Helpdesk`.
  Additional information: The current profile does not use the simplified interface
  Backtrace :
  .\src\Session.php:1171                             
  .\src\Glpi\Http\Firewall.php:156                   Session::checkHelpdeskAccess()
  ...trollerListener\FirewallStrategyListener.php:82 Glpi\Http\Firewall->applyStrategy()
  ...ymfony\event-dispatcher\EventDispatcher.php:260 Glpi\Kernel\Listener\ControllerListener\FirewallStrategyListener->onKernelController()
  ...ymfony\event-dispatcher\EventDispatcher.php:220 Symfony\Component\EventDispatcher\EventDispatcher::Symfony\Component\EventDispatcher\{closure}()
  ...symfony\event-dispatcher\EventDispatcher.php:56 Symfony\Component\EventDispatcher\EventDispatcher->callListeners()
  .\vendor\symfony\http-kernel\HttpKernel.php:169    Symfony\Component\EventDispatcher\EventDispatcher->dispatch()
  .\vendor\symfony\http-kernel\HttpKernel.php:76     Symfony\Component\HttpKernel\HttpKernel->handleRaw()
  .\vendor\symfony\http-kernel\Kernel.php:197        Symfony\Component\HttpKernel\HttpKernel->handle()
  .\public\index.php:70                              Symfony\Component\HttpKernel\Kernel->handle()
[2026-03-23 06:09:12] User ID: `9` tried to execute an invalid request on `/front/user.form.php?id=9`.
  Additional information: Missing READ right. Cannot view the item.
  Backtrace :
  .\src\CommonDBTM.php:6543                          
  .\front\user.form.php:227                          CommonDBTM::displayFullPageForItem()
  ...Glpi\Controller\LegacyFileLoadController.php:64 require()
  .\vendor\symfony\http-kernel\HttpKernel.php:181    Glpi\Controller\LegacyFileLoadController->__invoke()
  .\vendor\symfony\http-kernel\HttpKernel.php:76     Symfony\Component\HttpKernel\HttpKernel->handleRaw()
  .\vendor\symfony\http-kernel\Kernel.php:197        Symfony\Component\HttpKernel\HttpKernel->handle()
  .\public\index.php:70                              Symfony\Component\HttpKernel\Kernel->handle()
2026-03-23 11:01:09 [2@TEKCEZ-SQL01]
CSRF check failed for User ID: 2 at /tek-service-now/public/plugins/suggest/ajax/chat.php
[2026-03-23 11:01:09] User ID: `2` tried to execute an invalid request on `/plugins/suggest/ajax/chat.php`.

  Backtrace :
  .\src\Session.php:1783                             
  ...ner\ControllerListener\CheckCsrfListener.php:89 Session::checkCSRF()
  ...ymfony\event-dispatcher\EventDispatcher.php:260 Glpi\Kernel\Listener\ControllerListener\CheckCsrfListener->onKernelController()
  ...ymfony\event-dispatcher\EventDispatcher.php:220 Symfony\Component\EventDispatcher\EventDispatcher::Symfony\Component\EventDispatcher\{closure}()
  ...symfony\event-dispatcher\EventDispatcher.php:56 Symfony\Component\EventDispatcher\EventDispatcher->callListeners()
  .\vendor\symfony\http-kernel\HttpKernel.php:169    Symfony\Component\EventDispatcher\EventDispatcher->dispatch()
  .\vendor\symfony\http-kernel\HttpKernel.php:76     Symfony\Component\HttpKernel\HttpKernel->handleRaw()
  .\vendor\symfony\http-kernel\Kernel.php:197        Symfony\Component\HttpKernel\HttpKernel->handle()
  .\public\index.php:70                              Symfony\Component\HttpKernel\Kernel->handle()
2026-03-23 11:03:49 [2@TEKCEZ-SQL01]
CSRF check failed for User ID: 2 at /tek-service-now/public/plugins/suggest/ajax/chat.php
[2026-03-23 11:03:49] User ID: `2` tried to execute an invalid request on `/plugins/suggest/ajax/chat.php`.

  Backtrace :
  .\src\Session.php:1783                             
  ...ner\ControllerListener\CheckCsrfListener.php:89 Session::checkCSRF()
  ...ymfony\event-dispatcher\EventDispatcher.php:260 Glpi\Kernel\Listener\ControllerListener\CheckCsrfListener->onKernelController()
  ...ymfony\event-dispatcher\EventDispatcher.php:220 Symfony\Component\EventDispatcher\EventDispatcher::Symfony\Component\EventDispatcher\{closure}()
  ...symfony\event-dispatcher\EventDispatcher.php:56 Symfony\Component\EventDispatcher\EventDispatcher->callListeners()
  .\vendor\symfony\http-kernel\HttpKernel.php:169    Symfony\Component\EventDispatcher\EventDispatcher->dispatch()
  .\vendor\symfony\http-kernel\HttpKernel.php:76     Symfony\Component\HttpKernel\HttpKernel->handleRaw()
  .\vendor\symfony\http-kernel\Kernel.php:197        Symfony\Component\HttpKernel\HttpKernel->handle()
  .\public\index.php:70                              Symfony\Component\HttpKernel\Kernel->handle()
2026-03-23 11:06:16 [2@TEKCEZ-SQL01]
CSRF check failed for User ID: 2 at /tek-service-now/public/plugins/suggest/ajax/chat.php
[2026-03-23 11:06:16] User ID: `2` tried to execute an invalid request on `/plugins/suggest/ajax/chat.php`.

  Backtrace :
  .\src\Session.php:1783                             
  ...ner\ControllerListener\CheckCsrfListener.php:89 Session::checkCSRF()
  ...ymfony\event-dispatcher\EventDispatcher.php:260 Glpi\Kernel\Listener\ControllerListener\CheckCsrfListener->onKernelController()
  ...ymfony\event-dispatcher\EventDispatcher.php:220 Symfony\Component\EventDispatcher\EventDispatcher::Symfony\Component\EventDispatcher\{closure}()
  ...symfony\event-dispatcher\EventDispatcher.php:56 Symfony\Component\EventDispatcher\EventDispatcher->callListeners()
  .\vendor\symfony\http-kernel\HttpKernel.php:169    Symfony\Component\EventDispatcher\EventDispatcher->dispatch()
  .\vendor\symfony\http-kernel\HttpKernel.php:76     Symfony\Component\HttpKernel\HttpKernel->handleRaw()
  .\vendor\symfony\http-kernel\Kernel.php:197        Symfony\Component\HttpKernel\HttpKernel->handle()
  .\public\index.php:70                              Symfony\Component\HttpKernel\Kernel->handle()
2026-03-23 11:12:21 [4@TEKCEZ-SQL01]
CSRF check failed for User ID: 4 at /tek-service-now/public/plugins/suggest/ajax/chat.php
[2026-03-23 11:12:21] User ID: `4` tried to execute an invalid request on `/plugins/suggest/ajax/chat.php`.

  Backtrace :
  .\src\Session.php:1783                             
  ...ner\ControllerListener\CheckCsrfListener.php:89 Session::checkCSRF()
  ...ymfony\event-dispatcher\EventDispatcher.php:260 Glpi\Kernel\Listener\ControllerListener\CheckCsrfListener->onKernelController()
  ...ymfony\event-dispatcher\EventDispatcher.php:220 Symfony\Component\EventDispatcher\EventDispatcher::Symfony\Component\EventDispatcher\{closure}()
  ...symfony\event-dispatcher\EventDispatcher.php:56 Symfony\Component\EventDispatcher\EventDispatcher->callListeners()
  .\vendor\symfony\http-kernel\HttpKernel.php:169    Symfony\Component\EventDispatcher\EventDispatcher->dispatch()
  .\vendor\symfony\http-kernel\HttpKernel.php:76     Symfony\Component\HttpKernel\HttpKernel->handleRaw()
  .\vendor\symfony\http-kernel\Kernel.php:197        Symfony\Component\HttpKernel\HttpKernel->handle()
  .\public\index.php:70                              Symfony\Component\HttpKernel\Kernel->handle()
2026-03-23 11:13:54 [4@TEKCEZ-SQL01]
CSRF check failed for User ID: 4 at /tek-service-now/public/plugins/suggest/ajax/chat.php
[2026-03-23 11:13:54] User ID: `4` tried to execute an invalid request on `/plugins/suggest/ajax/chat.php`.

  Backtrace :
  .\src\Session.php:1783                             
  ...ner\ControllerListener\CheckCsrfListener.php:89 Session::checkCSRF()
  ...ymfony\event-dispatcher\EventDispatcher.php:260 Glpi\Kernel\Listener\ControllerListener\CheckCsrfListener->onKernelController()
  ...ymfony\event-dispatcher\EventDispatcher.php:220 Symfony\Component\EventDispatcher\EventDispatcher::Symfony\Component\EventDispatcher\{closure}()
  ...symfony\event-dispatcher\EventDispatcher.php:56 Symfony\Component\EventDispatcher\EventDispatcher->callListeners()
  .\vendor\symfony\http-kernel\HttpKernel.php:169    Symfony\Component\EventDispatcher\EventDispatcher->dispatch()
  .\vendor\symfony\http-kernel\HttpKernel.php:76     Symfony\Component\HttpKernel\HttpKernel->handleRaw()
  .\vendor\symfony\http-kernel\Kernel.php:197        Symfony\Component\HttpKernel\HttpKernel->handle()
  .\public\index.php:70                              Symfony\Component\HttpKernel\Kernel->handle()
2026-03-23 11:18:26 [4@TEKCEZ-SQL01]
CSRF check failed for User ID: 4 at /tek-service-now/public/plugins/suggest/ajax/chat.php
[2026-03-23 11:18:26] User ID: `4` tried to execute an invalid request on `/plugins/suggest/ajax/chat.php`.

  Backtrace :
  .\src\Session.php:1783                             
  ...ner\ControllerListener\CheckCsrfListener.php:89 Session::checkCSRF()
  ...ymfony\event-dispatcher\EventDispatcher.php:260 Glpi\Kernel\Listener\ControllerListener\CheckCsrfListener->onKernelController()
  ...ymfony\event-dispatcher\EventDispatcher.php:220 Symfony\Component\EventDispatcher\EventDispatcher::Symfony\Component\EventDispatcher\{closure}()
  ...symfony\event-dispatcher\EventDispatcher.php:56 Symfony\Component\EventDispatcher\EventDispatcher->callListeners()
  .\vendor\symfony\http-kernel\HttpKernel.php:169    Symfony\Component\EventDispatcher\EventDispatcher->dispatch()
  .\vendor\symfony\http-kernel\HttpKernel.php:76     Symfony\Component\HttpKernel\HttpKernel->handleRaw()
  .\vendor\symfony\http-kernel\Kernel.php:197        Symfony\Component\HttpKernel\HttpKernel->handle()
  .\public\index.php:70                              Symfony\Component\HttpKernel\Kernel->handle()
2026-03-23 11:20:50 [4@TEKCEZ-SQL01]
CSRF check failed for User ID: 4 at /tek-service-now/public/plugins/suggest/ajax/chat.php
[2026-03-23 11:20:50] User ID: `4` tried to execute an invalid request on `/plugins/suggest/ajax/chat.php`.

  Backtrace :
  .\src\Session.php:1783                             
  ...ner\ControllerListener\CheckCsrfListener.php:89 Session::checkCSRF()
  ...ymfony\event-dispatcher\EventDispatcher.php:260 Glpi\Kernel\Listener\ControllerListener\CheckCsrfListener->onKernelController()
  ...ymfony\event-dispatcher\EventDispatcher.php:220 Symfony\Component\EventDispatcher\EventDispatcher::Symfony\Component\EventDispatcher\{closure}()
  ...symfony\event-dispatcher\EventDispatcher.php:56 Symfony\Component\EventDispatcher\EventDispatcher->callListeners()
  .\vendor\symfony\http-kernel\HttpKernel.php:169    Symfony\Component\EventDispatcher\EventDispatcher->dispatch()
  .\vendor\symfony\http-kernel\HttpKernel.php:76     Symfony\Component\HttpKernel\HttpKernel->handleRaw()
  .\vendor\symfony\http-kernel\Kernel.php:197        Symfony\Component\HttpKernel\HttpKernel->handle()
  .\public\index.php:70                              Symfony\Component\HttpKernel\Kernel->handle()
2026-03-23 11:23:02 [4@TEKCEZ-SQL01]
CSRF check failed for User ID: 4 at /tek-service-now/public/plugins/suggest/ajax/chat.php
[2026-03-23 11:23:02] User ID: `4` tried to execute an invalid request on `/plugins/suggest/ajax/chat.php`.

  Backtrace :
  .\src\Session.php:1783                             
  ...ner\ControllerListener\CheckCsrfListener.php:89 Session::checkCSRF()
  ...ymfony\event-dispatcher\EventDispatcher.php:260 Glpi\Kernel\Listener\ControllerListener\CheckCsrfListener->onKernelController()
  ...ymfony\event-dispatcher\EventDispatcher.php:220 Symfony\Component\EventDispatcher\EventDispatcher::Symfony\Component\EventDispatcher\{closure}()
  ...symfony\event-dispatcher\EventDispatcher.php:56 Symfony\Component\EventDispatcher\EventDispatcher->callListeners()
  .\vendor\symfony\http-kernel\HttpKernel.php:169    Symfony\Component\EventDispatcher\EventDispatcher->dispatch()
  .\vendor\symfony\http-kernel\HttpKernel.php:76     Symfony\Component\HttpKernel\HttpKernel->handleRaw()
  .\vendor\symfony\http-kernel\Kernel.php:197        Symfony\Component\HttpKernel\HttpKernel->handle()
  .\public\index.php:70                              Symfony\Component\HttpKernel\Kernel->handle()
2026-03-23 11:23:35 [4@TEKCEZ-SQL01]
CSRF check failed for User ID: 4 at /tek-service-now/public/plugins/suggest/ajax/chat.php
[2026-03-23 11:23:35] User ID: `4` tried to execute an invalid request on `/plugins/suggest/ajax/chat.php`.

  Backtrace :
  .\src\Session.php:1783                             
  ...ner\ControllerListener\CheckCsrfListener.php:89 Session::checkCSRF()
  ...ymfony\event-dispatcher\EventDispatcher.php:260 Glpi\Kernel\Listener\ControllerListener\CheckCsrfListener->onKernelController()
  ...ymfony\event-dispatcher\EventDispatcher.php:220 Symfony\Component\EventDispatcher\EventDispatcher::Symfony\Component\EventDispatcher\{closure}()
  ...symfony\event-dispatcher\EventDispatcher.php:56 Symfony\Component\EventDispatcher\EventDispatcher->callListeners()
  .\vendor\symfony\http-kernel\HttpKernel.php:169    Symfony\Component\EventDispatcher\EventDispatcher->dispatch()
  .\vendor\symfony\http-kernel\HttpKernel.php:76     Symfony\Component\HttpKernel\HttpKernel->handleRaw()
  .\vendor\symfony\http-kernel\Kernel.php:197        Symfony\Component\HttpKernel\HttpKernel->handle()
  .\public\index.php:70                              Symfony\Component\HttpKernel\Kernel->handle()
2026-03-23 11:23:43 [4@TEKCEZ-SQL01]
CSRF check failed for User ID: 4 at /tek-service-now/public/plugins/suggest/ajax/chat.php
[2026-03-23 11:23:43] User ID: `4` tried to execute an invalid request on `/plugins/suggest/ajax/chat.php`.

  Backtrace :
  .\src\Session.php:1783                             
  ...ner\ControllerListener\CheckCsrfListener.php:89 Session::checkCSRF()
  ...ymfony\event-dispatcher\EventDispatcher.php:260 Glpi\Kernel\Listener\ControllerListener\CheckCsrfListener->onKernelController()
  ...ymfony\event-dispatcher\EventDispatcher.php:220 Symfony\Component\EventDispatcher\EventDispatcher::Symfony\Component\EventDispatcher\{closure}()
  ...symfony\event-dispatcher\EventDispatcher.php:56 Symfony\Component\EventDispatcher\EventDispatcher->callListeners()
  .\vendor\symfony\http-kernel\HttpKernel.php:169    Symfony\Component\EventDispatcher\EventDispatcher->dispatch()
  .\vendor\symfony\http-kernel\HttpKernel.php:76     Symfony\Component\HttpKernel\HttpKernel->handleRaw()
  .\vendor\symfony\http-kernel\Kernel.php:197        Symfony\Component\HttpKernel\HttpKernel->handle()
  .\public\index.php:70                              Symfony\Component\HttpKernel\Kernel->handle()
2026-03-23 11:26:43 [4@TEKCEZ-SQL01]
CSRF check failed for User ID: 4 at /tek-service-now/public/plugins/suggest/ajax/chat.php
[2026-03-23 11:26:43] User ID: `4` tried to execute an invalid request on `/plugins/suggest/ajax/chat.php`.

  Backtrace :
  .\src\Session.php:1783                             
  ...ner\ControllerListener\CheckCsrfListener.php:89 Session::checkCSRF()
  ...ymfony\event-dispatcher\EventDispatcher.php:260 Glpi\Kernel\Listener\ControllerListener\CheckCsrfListener->onKernelController()
  ...ymfony\event-dispatcher\EventDispatcher.php:220 Symfony\Component\EventDispatcher\EventDispatcher::Symfony\Component\EventDispatcher\{closure}()
  ...symfony\event-dispatcher\EventDispatcher.php:56 Symfony\Component\EventDispatcher\EventDispatcher->callListeners()
  .\vendor\symfony\http-kernel\HttpKernel.php:169    Symfony\Component\EventDispatcher\EventDispatcher->dispatch()
  .\vendor\symfony\http-kernel\HttpKernel.php:76     Symfony\Component\HttpKernel\HttpKernel->handleRaw()
  .\vendor\symfony\http-kernel\Kernel.php:197        Symfony\Component\HttpKernel\HttpKernel->handle()
  .\public\index.php:70                              Symfony\Component\HttpKernel\Kernel->handle()
2026-03-23 11:29:19 [4@TEKCEZ-SQL01]
CSRF check failed for User ID: 4 at /tek-service-now/public/plugins/suggest/ajax/chat.php
[2026-03-23 11:29:19] User ID: `4` tried to execute an invalid request on `/plugins/suggest/ajax/chat.php`.

  Backtrace :
  .\src\Session.php:1783                             
  ...ner\ControllerListener\CheckCsrfListener.php:89 Session::checkCSRF()
  ...ymfony\event-dispatcher\EventDispatcher.php:260 Glpi\Kernel\Listener\ControllerListener\CheckCsrfListener->onKernelController()
  ...ymfony\event-dispatcher\EventDispatcher.php:220 Symfony\Component\EventDispatcher\EventDispatcher::Symfony\Component\EventDispatcher\{closure}()
  ...symfony\event-dispatcher\EventDispatcher.php:56 Symfony\Component\EventDispatcher\EventDispatcher->callListeners()
  .\vendor\symfony\http-kernel\HttpKernel.php:169    Symfony\Component\EventDispatcher\EventDispatcher->dispatch()
  .\vendor\symfony\http-kernel\HttpKernel.php:76     Symfony\Component\HttpKernel\HttpKernel->handleRaw()
  .\vendor\symfony\http-kernel\Kernel.php:197        Symfony\Component\HttpKernel\HttpKernel->handle()
  .\public\index.php:70                              Symfony\Component\HttpKernel\Kernel->handle()
2026-03-23 11:34:31 [4@TEKCEZ-SQL01]
CSRF check failed for User ID: 4 at /tek-service-now/public/plugins/suggest/ajax/chat.php
[2026-03-23 11:34:31] User ID: `4` tried to execute an invalid request on `/plugins/suggest/ajax/chat.php`.

  Backtrace :
  .\src\Session.php:1783                             
  ...ner\ControllerListener\CheckCsrfListener.php:89 Session::checkCSRF()
  ...ymfony\event-dispatcher\EventDispatcher.php:260 Glpi\Kernel\Listener\ControllerListener\CheckCsrfListener->onKernelController()
  ...ymfony\event-dispatcher\EventDispatcher.php:220 Symfony\Component\EventDispatcher\EventDispatcher::Symfony\Component\EventDispatcher\{closure}()
  ...symfony\event-dispatcher\EventDispatcher.php:56 Symfony\Component\EventDispatcher\EventDispatcher->callListeners()
  .\vendor\symfony\http-kernel\HttpKernel.php:169    Symfony\Component\EventDispatcher\EventDispatcher->dispatch()
  .\vendor\symfony\http-kernel\HttpKernel.php:76     Symfony\Component\HttpKernel\HttpKernel->handleRaw()
  .\vendor\symfony\http-kernel\Kernel.php:197        Symfony\Component\HttpKernel\HttpKernel->handle()
  .\public\index.php:70                              Symfony\Component\HttpKernel\Kernel->handle()
2026-03-23 11:47:10 [4@TEKCEZ-SQL01]
CSRF check failed for User ID: 4 at /tek-service-now/public/plugins/suggest/ajax/chat.php
[2026-03-23 11:47:10] User ID: `4` tried to execute an invalid request on `/plugins/suggest/ajax/chat.php`.

  Backtrace :
  .\src\Session.php:1783                             
  ...ner\ControllerListener\CheckCsrfListener.php:89 Session::checkCSRF()
  ...ymfony\event-dispatcher\EventDispatcher.php:260 Glpi\Kernel\Listener\ControllerListener\CheckCsrfListener->onKernelController()
  ...ymfony\event-dispatcher\EventDispatcher.php:220 Symfony\Component\EventDispatcher\EventDispatcher::Symfony\Component\EventDispatcher\{closure}()
  ...symfony\event-dispatcher\EventDispatcher.php:56 Symfony\Component\EventDispatcher\EventDispatcher->callListeners()
  .\vendor\symfony\http-kernel\HttpKernel.php:169    Symfony\Component\EventDispatcher\EventDispatcher->dispatch()
  .\vendor\symfony\http-kernel\HttpKernel.php:76     Symfony\Component\HttpKernel\HttpKernel->handleRaw()
  .\vendor\symfony\http-kernel\Kernel.php:197        Symfony\Component\HttpKernel\HttpKernel->handle()
  .\public\index.php:70                              Symfony\Component\HttpKernel\Kernel->handle()
2026-03-23 12:04:59 [4@TEKCEZ-SQL01]
CSRF check failed for User ID: 4 at /tek-service-now/public/plugins/suggest/ajax/chat.php
[2026-03-23 12:04:59] User ID: `4` tried to execute an invalid request on `/plugins/suggest/ajax/chat.php`.

  Backtrace :
  .\src\Session.php:1783                             
  ...ner\ControllerListener\CheckCsrfListener.php:89 Session::checkCSRF()
  ...ymfony\event-dispatcher\EventDispatcher.php:260 Glpi\Kernel\Listener\ControllerListener\CheckCsrfListener->onKernelController()
  ...ymfony\event-dispatcher\EventDispatcher.php:220 Symfony\Component\EventDispatcher\EventDispatcher::Symfony\Component\EventDispatcher\{closure}()
  ...symfony\event-dispatcher\EventDispatcher.php:56 Symfony\Component\EventDispatcher\EventDispatcher->callListeners()
  .\vendor\symfony\http-kernel\HttpKernel.php:169    Symfony\Component\EventDispatcher\EventDispatcher->dispatch()
  .\vendor\symfony\http-kernel\HttpKernel.php:76     Symfony\Component\HttpKernel\HttpKernel->handleRaw()
  .\vendor\symfony\http-kernel\Kernel.php:197        Symfony\Component\HttpKernel\HttpKernel->handle()
  .\public\index.php:70                              Symfony\Component\HttpKernel\Kernel->handle()
2026-03-23 12:09:13 [4@TEKCEZ-SQL01]
CSRF check failed for User ID: 4 at /tek-service-now/public/plugins/suggest/ajax/chat.php
[2026-03-23 12:09:13] User ID: `4` tried to execute an invalid request on `/plugins/suggest/ajax/chat.php`.

  Backtrace :
  .\src\Session.php:1783                             
  ...ner\ControllerListener\CheckCsrfListener.php:89 Session::checkCSRF()
  ...ymfony\event-dispatcher\EventDispatcher.php:260 Glpi\Kernel\Listener\ControllerListener\CheckCsrfListener->onKernelController()
  ...ymfony\event-dispatcher\EventDispatcher.php:220 Symfony\Component\EventDispatcher\EventDispatcher::Symfony\Component\EventDispatcher\{closure}()
  ...symfony\event-dispatcher\EventDispatcher.php:56 Symfony\Component\EventDispatcher\EventDispatcher->callListeners()
  .\vendor\symfony\http-kernel\HttpKernel.php:169    Symfony\Component\EventDispatcher\EventDispatcher->dispatch()
  .\vendor\symfony\http-kernel\HttpKernel.php:76     Symfony\Component\HttpKernel\HttpKernel->handleRaw()
  .\vendor\symfony\http-kernel\Kernel.php:197        Symfony\Component\HttpKernel\HttpKernel->handle()
  .\public\index.php:70                              Symfony\Component\HttpKernel\Kernel->handle()
2026-03-23 12:11:27 [4@TEKCEZ-SQL01]
CSRF check failed for User ID: 4 at /tek-service-now/public/plugins/suggest/ajax/chat.php
[2026-03-23 12:11:27] User ID: `4` tried to execute an invalid request on `/plugins/suggest/ajax/chat.php`.

  Backtrace :
  .\src\Session.php:1783                             
  ...ner\ControllerListener\CheckCsrfListener.php:89 Session::checkCSRF()
  ...ymfony\event-dispatcher\EventDispatcher.php:260 Glpi\Kernel\Listener\ControllerListener\CheckCsrfListener->onKernelController()
  ...ymfony\event-dispatcher\EventDispatcher.php:220 Symfony\Component\EventDispatcher\EventDispatcher::Symfony\Component\EventDispatcher\{closure}()
  ...symfony\event-dispatcher\EventDispatcher.php:56 Symfony\Component\EventDispatcher\EventDispatcher->callListeners()
  .\vendor\symfony\http-kernel\HttpKernel.php:169    Symfony\Component\EventDispatcher\EventDispatcher->dispatch()
  .\vendor\symfony\http-kernel\HttpKernel.php:76     Symfony\Component\HttpKernel\HttpKernel->handleRaw()
  .\vendor\symfony\http-kernel\Kernel.php:197        Symfony\Component\HttpKernel\HttpKernel->handle()
  .\public\index.php:70                              Symfony\Component\HttpKernel\Kernel->handle()
2026-03-23 12:29:36 [4@TEKCEZ-SQL01]
CSRF check failed for User ID: 4 at /tek-service-now/public/plugins/suggest/ajax/chat.php
[2026-03-23 12:29:36] User ID: `4` tried to execute an invalid request on `/plugins/suggest/ajax/chat.php`.

  Backtrace :
  .\src\Session.php:1783                             
  ...ner\ControllerListener\CheckCsrfListener.php:89 Session::checkCSRF()
  ...ymfony\event-dispatcher\EventDispatcher.php:260 Glpi\Kernel\Listener\ControllerListener\CheckCsrfListener->onKernelController()
  ...ymfony\event-dispatcher\EventDispatcher.php:220 Symfony\Component\EventDispatcher\EventDispatcher::Symfony\Component\EventDispatcher\{closure}()
  ...symfony\event-dispatcher\EventDispatcher.php:56 Symfony\Component\EventDispatcher\EventDispatcher->callListeners()
  .\vendor\symfony\http-kernel\HttpKernel.php:169    Symfony\Component\EventDispatcher\EventDispatcher->dispatch()
  .\vendor\symfony\http-kernel\HttpKernel.php:76     Symfony\Component\HttpKernel\HttpKernel->handleRaw()
  .\vendor\symfony\http-kernel\Kernel.php:197        Symfony\Component\HttpKernel\HttpKernel->handle()
  .\public\index.php:70                              Symfony\Component\HttpKernel\Kernel->handle()
2026-03-23 12:37:50 [4@TEKCEZ-SQL01]
CSRF check failed for User ID: 4 at /tek-service-now/public/plugins/suggest/ajax/chat.php
[2026-03-23 12:37:50] User ID: `4` tried to execute an invalid request on `/plugins/suggest/ajax/chat.php`.

  Backtrace :
  .\src\Session.php:1783                             
  ...ner\ControllerListener\CheckCsrfListener.php:89 Session::checkCSRF()
  ...ymfony\event-dispatcher\EventDispatcher.php:260 Glpi\Kernel\Listener\ControllerListener\CheckCsrfListener->onKernelController()
  ...ymfony\event-dispatcher\EventDispatcher.php:220 Symfony\Component\EventDispatcher\EventDispatcher::Symfony\Component\EventDispatcher\{closure}()
  ...symfony\event-dispatcher\EventDispatcher.php:56 Symfony\Component\EventDispatcher\EventDispatcher->callListeners()
  .\vendor\symfony\http-kernel\HttpKernel.php:169    Symfony\Component\EventDispatcher\EventDispatcher->dispatch()
  .\vendor\symfony\http-kernel\HttpKernel.php:76     Symfony\Component\HttpKernel\HttpKernel->handleRaw()
  .\vendor\symfony\http-kernel\Kernel.php:197        Symfony\Component\HttpKernel\HttpKernel->handle()
  .\public\index.php:70                              Symfony\Component\HttpKernel\Kernel->handle()
2026-03-23 12:45:59 [4@TEKCEZ-SQL01]
CSRF check failed for User ID: 4 at /tek-service-now/public/plugins/suggest/ajax/chat.php
[2026-03-23 12:45:59] User ID: `4` tried to execute an invalid request on `/plugins/suggest/ajax/chat.php`.

  Backtrace :
  .\src\Session.php:1783                             
  ...ner\ControllerListener\CheckCsrfListener.php:89 Session::checkCSRF()
  ...ymfony\event-dispatcher\EventDispatcher.php:260 Glpi\Kernel\Listener\ControllerListener\CheckCsrfListener->onKernelController()
  ...ymfony\event-dispatcher\EventDispatcher.php:220 Symfony\Component\EventDispatcher\EventDispatcher::Symfony\Component\EventDispatcher\{closure}()
  ...symfony\event-dispatcher\EventDispatcher.php:56 Symfony\Component\EventDispatcher\EventDispatcher->callListeners()
  .\vendor\symfony\http-kernel\HttpKernel.php:169    Symfony\Component\EventDispatcher\EventDispatcher->dispatch()
  .\vendor\symfony\http-kernel\HttpKernel.php:76     Symfony\Component\HttpKernel\HttpKernel->handleRaw()
  .\vendor\symfony\http-kernel\Kernel.php:197        Symfony\Component\HttpKernel\HttpKernel->handle()
  .\public\index.php:70                              Symfony\Component\HttpKernel\Kernel->handle()
[2026-03-26 10:57:27] User ID: `4` tried to execute an invalid request on `/front/ticket.form.php?id=9`.
  Additional information: Missing READ right. Cannot view the item.
  Backtrace :
  .\src\CommonDBTM.php:6543                          
  .\front\ticket.form.php:252                        CommonDBTM::displayFullPageForItem()
  ...Glpi\Controller\LegacyFileLoadController.php:64 require()
  .\vendor\symfony\http-kernel\HttpKernel.php:181    Glpi\Controller\LegacyFileLoadController->__invoke()
  .\vendor\symfony\http-kernel\HttpKernel.php:76     Symfony\Component\HttpKernel\HttpKernel->handleRaw()
  .\vendor\symfony\http-kernel\Kernel.php:197        Symfony\Component\HttpKernel\HttpKernel->handle()
  .\public\index.php:70                              Symfony\Component\HttpKernel\Kernel->handle()
[2026-07-20 12:08:38] User ID: `11` tried to execute an invalid request on `/front/user.form.php?id=11`.
  Additional information: Missing READ right. Cannot view the item.
  Backtrace :
  .\src\CommonDBTM.php:6543                          
  .\front\user.form.php:227                          CommonDBTM::displayFullPageForItem()
  ...Glpi\Controller\LegacyFileLoadController.php:64 require()
  .\vendor\symfony\http-kernel\HttpKernel.php:181    Glpi\Controller\LegacyFileLoadController->__invoke()
  .\vendor\symfony\http-kernel\HttpKernel.php:76     Symfony\Component\HttpKernel\HttpKernel->handleRaw()
  .\vendor\symfony\http-kernel\Kernel.php:197        Symfony\Component\HttpKernel\HttpKernel->handle()
  .\public\index.php:70                              Symfony\Component\HttpKernel\Kernel->handle()
[2026-07-21 07:34:19] User ID: `2` tried to execute an invalid request on `/front/user.form.php?id=11`.
  Additional information: Missing READ right. Cannot view the item.
  Backtrace :
  .\src\CommonDBTM.php:6543                          
  .\front\user.form.php:227                          CommonDBTM::displayFullPageForItem()
  ...Glpi\Controller\LegacyFileLoadController.php:64 require()
  .\vendor\symfony\http-kernel\HttpKernel.php:181    Glpi\Controller\LegacyFileLoadController->__invoke()
  .\vendor\symfony\http-kernel\HttpKernel.php:76     Symfony\Component\HttpKernel\HttpKernel->handleRaw()
  .\vendor\symfony\http-kernel\Kernel.php:197        Symfony\Component\HttpKernel\HttpKernel->handle()
  .\public\index.php:70                              Symfony\Component\HttpKernel\Kernel->handle()
2026-07-29 09:07:09 [2@TEKSEZ-APP02]
CSRF check failed for User ID: 2 at /tek-service-now/public/Session/ChangeEntity
[2026-07-29 09:07:09] User ID: `2` tried to execute an invalid request on `/Session/ChangeEntity`.

  Backtrace :
  .\src\Session.php:1783                             
  ...ner\ControllerListener\CheckCsrfListener.php:89 Session::checkCSRF()
  ...ymfony\event-dispatcher\EventDispatcher.php:260 Glpi\Kernel\Listener\ControllerListener\CheckCsrfListener->onKernelController()
  ...ymfony\event-dispatcher\EventDispatcher.php:220 Symfony\Component\EventDispatcher\EventDispatcher::Symfony\Component\EventDispatcher\{closure}()
  ...symfony\event-dispatcher\EventDispatcher.php:56 Symfony\Component\EventDispatcher\EventDispatcher->callListeners()
  .\vendor\symfony\http-kernel\HttpKernel.php:169    Symfony\Component\EventDispatcher\EventDispatcher->dispatch()
  .\vendor\symfony\http-kernel\HttpKernel.php:76     Symfony\Component\HttpKernel\HttpKernel->handleRaw()
  .\vendor\symfony\http-kernel\Kernel.php:197        Symfony\Component\HttpKernel\HttpKernel->handle()
  .\public\index.php:70                              Symfony\Component\HttpKernel\Kernel->handle()
2026-07-29 09:09:05 [2@TEKSEZ-APP02]
CSRF check failed for User ID: 2 at /tek-service-now/public/Session/ChangeEntity
[2026-07-29 09:09:05] User ID: `2` tried to execute an invalid request on `/Session/ChangeEntity`.

  Backtrace :
  .\src\Session.php:1783                             
  ...ner\ControllerListener\CheckCsrfListener.php:89 Session::checkCSRF()
  ...ymfony\event-dispatcher\EventDispatcher.php:260 Glpi\Kernel\Listener\ControllerListener\CheckCsrfListener->onKernelController()
  ...ymfony\event-dispatcher\EventDispatcher.php:220 Symfony\Component\EventDispatcher\EventDispatcher::Symfony\Component\EventDispatcher\{closure}()
  ...symfony\event-dispatcher\EventDispatcher.php:56 Symfony\Component\EventDispatcher\EventDispatcher->callListeners()
  .\vendor\symfony\http-kernel\HttpKernel.php:169    Symfony\Component\EventDispatcher\EventDispatcher->dispatch()
  .\vendor\symfony\http-kernel\HttpKernel.php:76     Symfony\Component\HttpKernel\HttpKernel->handleRaw()
  .\vendor\symfony\http-kernel\Kernel.php:197        Symfony\Component\HttpKernel\HttpKernel->handle()
  .\public\index.php:70                              Symfony\Component\HttpKernel\Kernel->handle()
