2026-03-17 10:53:20 [@TEKCSZ-NB115]
[login] 3: glpi login from IP ::1
2026-03-17 11:03:29 [@TEKCSZ-NB115]
[login] 3: Failed login for glip from IP ::1
2026-03-17 11:05:54 [@TEKCSZ-NB115]
[login] 3: glpi login from IP 127.0.0.1
2026-03-17 11:12:50 [@TEKCSZ-NB115]
[login] 3: normal login from IP ::1
2026-03-17 11:15:25 [@TEKCSZ-NB115]
[login] 3: tech login from IP ::1
2026-03-17 11:17:03 [@TEKCSZ-NB115]
[login] 3: Failed login for glip from IP ::1
2026-03-18 10:42:53 [@TEKCSZ-NB115]
[login] 3: Failed login for glpi from IP ::1
2026-03-18 10:43:05 [@TEKCSZ-NB115]
[login] 3: normal login from IP ::1
2026-03-18 10:48:28 [@TEKCSZ-NB115]
[login] 3: tech login from IP ::1
2026-03-18 10:49:48 [@TEKCSZ-NB115]
[login] 3: normal login from IP ::1
2026-03-18 10:51:38 [@TEKCSZ-NB115]
[login] 3: tech login from IP ::1
2026-03-18 11:02:43 [@TEKCSZ-NB115]
[login] 3: Failed login for admin  from IP ::1
2026-03-18 11:03:12 [@TEKCSZ-NB115]
[login] 3: Failed login for admin from IP ::1
2026-03-18 11:03:27 [@TEKCSZ-NB115]
[login] 3: glpi login from IP ::1
2026-03-18 11:05:33 [@TEKCSZ-NB115]
[login] 3: shibili login from IP ::1
2026-03-18 11:09:48 [@TEKCSZ-NB115]
[login] 3: glpi login from IP ::1
2026-03-19 05:42:41 [@TEKCSZ-NB115]
[login] 3: Failed login for admin from IP ::1
2026-03-19 05:44:15 [@TEKCSZ-NB115]
[login] 3: tech login from IP ::1
2026-03-19 05:46:07 [4@TEKCSZ-NB115]
[login] 3: tech log in from IP ::1
2026-03-19 05:49:52 [@TEKCSZ-NB115]
[login] 3: tech login from IP ::1
2026-03-19 05:54:36 [@TEKCSZ-NB115]
[login] 3:  login from IP ::1
2026-03-19 05:55:22 [@TEKCSZ-NB115]
[login] 3: glpi login from IP ::1
2026-03-19 05:57:19 [@TEKCSZ-NB115]
[login] 3: Failed login for glpi from IP ::1
2026-03-19 06:00:06 [@TEKCSZ-NB115]
[login] 3: glpi login from IP ::1
2026-03-19 06:04:11 [@TEKCSZ-NB115]
[login] 3:  login from IP ::1
2026-03-19 06:32:06 [@TEKCSZ-NB115]
[login] 3:  login from IP ::1
2026-03-19 06:35:12 [@TEKCSZ-NB115]
[login] 3: tech login from IP ::1
2026-03-19 06:49:11 [@TEKCSZ-NB115]
[login] 3: glpi login from IP ::1
2026-03-19 09:59:00 [@TEKCEZ-SQL01]
[login] 3: glpi login from IP ::1
2026-03-19 10:47:30 [@TEKCEZ-SQL01]
[login] 3:  login from IP ::1
2026-03-20 10:57:07 [@TEKCEZ-SQL01]
[login] 3: vignesh login from IP ::1
2026-03-20 10:58:52 [@TEKCEZ-SQL01]
[login] 3: normal login from IP ::1
2026-03-20 11:01:03 [@TEKCEZ-SQL01]
[login] 3: glpi login from IP ::1
2026-03-20 11:13:41 [@TEKCEZ-SQL01]
[login] 3: glpi login from IP ::1
2026-03-20 11:18:30 [@TEKCEZ-SQL01]
[login] 3: glpi login from IP ::1
2026-03-20 11:20:25 [@TEKCEZ-SQL01]
[login] 3: glpi login from IP ::1
2026-03-20 11:22:17 [@TEKCEZ-SQL01]
[login] 3: glpi login from IP ::1
2026-03-20 11:31:28 [@TEKCEZ-SQL01]
[login] 3: glpi login from IP ::1
2026-03-20 11:41:08 [@TEKCEZ-SQL01]
[login] 3: Failed login for R-Praveen Anil from IP ::1
2026-03-20 11:41:16 [@TEKCEZ-SQL01]
[login] 3: Failed login for R-Praveen from IP ::1
2026-03-20 11:41:33 [@TEKCEZ-SQL01]
[login] 3: Failed login for R-Praveen from IP ::1
2026-03-20 11:41:36 [@TEKCEZ-SQL01]
[login] 3: glpi login from IP ::1
2026-03-20 11:42:40 [@TEKCEZ-SQL01]
[login] 3: R-Praveen Anil login from IP ::1
2026-03-20 11:43:56 [@TEKCEZ-SQL01]
[login] 3: glpi login from IP ::1
2026-03-20 11:45:13 [@TEKCEZ-SQL01]
[login] 3: R-Praveen Anil login from IP ::1
2026-03-20 11:46:35 [@TEKCEZ-SQL01]
[login] 3:  login from IP ::1
2026-03-20 11:46:46 [@TEKCEZ-SQL01]
[login] 3: R-Praveen Anil login from IP ::1
2026-03-20 11:46:57 [@TEKCEZ-SQL01]
[login] 3: glpi login from IP ::1
2026-03-20 12:06:55 [@TEKCEZ-SQL01]
[login] 3: R-Praveen Anil login from IP ::1
2026-03-20 12:08:37 [@TEKCEZ-SQL01]
[login] 3: glpi login from IP ::1
2026-03-23 05:28:49 [@TEKCEZ-SQL01]
[login] 3: R-Praveen Anil login from IP ::1
2026-03-23 05:43:35 [@TEKCEZ-SQL01]
[login] 3: Failed login for  from IP ::1
2026-03-23 05:44:09 [@TEKCEZ-SQL01]
[login] 3: glpi login from IP ::1
2026-03-23 05:44:44 [@TEKCEZ-SQL01]
[login] 3: R-Praveen Anil login from IP ::1
2026-03-23 05:45:38 [@TEKCEZ-SQL01]
[login] 3: glpi login from IP ::1
2026-03-23 07:10:49 [@TEKCEZ-SQL01]
[login] 3: R-Praveen Anil login from IP ::1
2026-03-23 07:24:27 [@TEKCEZ-SQL01]
[login] 3: tech login from IP ::1
2026-03-23 09:53:10 [@TEKCEZ-SQL01]
[setup] [Plugin 112] 3: Plugin AI Suggestion has been deactivated by Unknown user.
2026-03-23 09:56:26 [4@TEKCEZ-SQL01]
[setup] [Plugin 113] 3: Plugin AI Suggestion has been deactivated by tech (4).
2026-03-23 09:58:53 [4@TEKCEZ-SQL01]
[setup] [Plugin 114] 3: Plugin AI Suggestion has been deactivated by tech (4).
2026-03-23 10:06:43 [@TEKCEZ-SQL01]
[login] 3: glpi login from IP ::1
2026-03-23 10:51:13 [2@TEKCEZ-SQL01]
[setup] [Plugin 121] 3: Plugin AI Suggestion has been deactivated by glpi (2).
2026-03-23 10:53:29 [2@TEKCEZ-SQL01]
[setup] [Plugin 122] 3: Plugin AI Suggestion has been deactivated by glpi (2).
2026-03-23 10:54:15 [2@TEKCEZ-SQL01]
[setup] [Plugin 123] 3: Plugin AI Suggestion has been activated by glpi (2).
2026-03-23 10:54:15 [2@TEKCEZ-SQL01]
[setup] [Plugin 124] 3: Plugin AI Suggestion has been deactivated by glpi (2).
2026-03-23 10:54:30 [2@TEKCEZ-SQL01]
[setup] [Plugin 125] 3: Plugin AI Suggestion has been deactivated by glpi (2).
2026-03-23 10:55:28 [2@TEKCEZ-SQL01]
[setup] [Plugin 126] 3: Plugin AI Suggestion has been activated by glpi (2).
2026-03-23 10:55:28 [2@TEKCEZ-SQL01]
[setup] [Plugin 127] 3: Plugin AI Suggestion has been deactivated by glpi (2).
2026-03-23 10:55:49 [2@TEKCEZ-SQL01]
[setup] [Plugin 128] 3: Plugin AI Suggestion has been activated by glpi (2).
2026-03-23 10:55:49 [2@TEKCEZ-SQL01]
[setup] [Plugin 129] 3: Plugin AI Suggestion has been deactivated by glpi (2).
2026-03-23 11:06:47 [@TEKCEZ-SQL01]
[login] 3: tech login from IP ::1
2026-03-23 11:23:19 [@TEKCEZ-SQL01]
[login] 3: tech login from IP ::1
2026-03-23 11:54:53 [@TEKCEZ-SQL01]
[login] 3: R-Praveen Anil login from IP ::1
2026-03-23 11:55:02 [@TEKCEZ-SQL01]
[login] 3: tech login from IP ::1
2026-03-26 10:53:11 [@TEKCEZ-SQL01]
[login] 3: R-Praveen Anil login from IP ::1
2026-03-26 10:56:27 [@TEKCEZ-SQL01]
[login] 3:  login from IP ::1
2026-03-26 10:56:45 [@TEKCEZ-SQL01]
[login] 3: tech login from IP ::1
2026-03-26 11:01:07 [@TEKCEZ-SQL01]
[login] 3: glpi login from IP ::1
2026-04-01 07:18:57 [@TEKCEZ-SQL01]
[login] 3: R-Vignesh login from IP ::1
2026-04-01 07:33:53 [2@TEKCEZ-SQL01]
[setup] 3: glpi edited the emails notifications configuration
2026-04-01 07:33:58 [2@TEKCEZ-SQL01]
[setup] 3: glpi edited the emails notifications configuration
2026-04-01 07:35:55 [2@TEKCEZ-SQL01]
[setup] 3: glpi edited the emails notifications configuration
2026-04-01 07:36:19 [2@TEKCEZ-SQL01]
[setup] 3: glpi edited the emails notifications configuration
2026-04-01 07:37:55 [2@TEKCEZ-SQL01]
[setup] 3: glpi edited the emails notifications configuration
2026-04-01 07:41:58 [2@TEKCEZ-SQL01]
[setup] 3: glpi edited the emails notifications configuration
2026-04-01 07:42:37 [2@TEKCEZ-SQL01]
[setup] 3: glpi edited the emails notifications configuration
2026-04-01 07:42:52 [2@TEKCEZ-SQL01]
[setup] 3: glpi edited the emails notifications configuration
2026-04-01 07:44:38 [2@TEKCEZ-SQL01]
[setup] 3: glpi edited the emails notifications configuration
2026-04-01 07:47:12 [2@TEKCEZ-SQL01]
[setup] 3: glpi edited the emails notifications configuration
2026-04-01 07:53:00 [@TEKCEZ-SQL01]
[login] 3: R-Praveen Anil login from IP ::1
2026-04-01 09:09:28 [2@TEKCEZ-SQL01]
[setup] [Plugin 165] 3: Plugin AI Suggestion has been deactivated by glpi (2).
2026-04-20 08:30:12 [2@TEKCEZ-SQL01]
[setup] 3: cron edited the emails notifications configuration
2026-04-20 10:38:01 [2@TEKCEZ-SQL01]
[setup] 3: cron edited the emails notifications configuration
2026-05-08 11:11:10 [2@TEKCEZ-SQL01]
[setup] 3: cron edited the emails notifications configuration
2026-05-13 07:01:11 [@TEKCEZ-SQL01]
[login] 3: Failed login for servicedesk@tekosol.com from IP ::1
2026-05-13 07:01:33 [@TEKCEZ-SQL01]
[login] 3: glpi login from IP ::1
2026-05-15 12:13:33 [@TEKCEZ-SQL01]
[login] 3:  login from IP ::1
2026-05-26 08:29:51 [@TEKSEZ-APP02]
[login] 3: Failed login for glpi from IP ::1
2026-05-26 08:30:03 [@TEKSEZ-APP02]
[login] 3: glpi login from IP ::1
2026-05-26 08:33:23 [2@TEKSEZ-APP02]
[login] 3: glpi log in from IP ::1
2026-07-07 07:26:13 [@TEKSEZ-APP02]
[login] 3: Failed login for GLPI from IP ::1
2026-07-07 07:26:33 [@TEKSEZ-APP02]
[login] 3: GLPI login from IP ::1
2026-07-13 09:03:19 [@TEKSEZ-APP02]
[login] 3: GLPI login from IP ::1
2026-07-20 07:40:38 [@TEKSEZ-APP02]
[login] 3: GLPI login from IP ::1
2026-07-20 07:41:34 [2@TEKSEZ-APP02]
[login] 3: GLPI log in from IP ::1
2026-07-20 08:08:58 [2@TEKSEZ-APP02]
[setup] 3: glpi edited the emails notifications configuration
2026-07-20 12:08:36 [@TEKSEZ-APP02]
[login] 3: Test1 login from IP ::1
2026-07-21 07:38:23 [@TEKSEZ-APP02]
[login] 3: EndUser login from IP ::1
2026-07-29 08:54:51 [@TEKSEZ-APP02]
[login] 3: GLPI login from IP ::1
2026-07-29 09:33:35 [2@TEKSEZ-APP02]
[setup] [Plugin 198] 3: Plugin AI Suggestion has been activated by glpi (2).
2026-07-29 09:33:42 [2@TEKSEZ-APP02]
[setup] [Plugin 199] 3: Plugin AI Suggestion has been deactivated by glpi (2).
2026-07-29 09:34:23 [@TEKSEZ-APP02]
[login] 3: EndUser login from IP ::1
2026-08-04 07:46:05 [@TEKCSZ-NB131]
[login] 3: Failed login for GLPI from IP ::1
2026-08-04 07:46:42 [@TEKCSZ-NB131]
[login] 3: glpi login from IP ::1
2026-08-04 08:16:41 [@TEKCSZ-NB131]
[login] 3: glpi login from IP ::1
2026-08-04 08:19:03 [@TEKCSZ-NB131]
[login] 3: glpi login from IP ::1
