2026-04-01 07:53:44 [9@TEKCEZ-SQL01]
An email to no-reply@tekosol.com was added to queue: [GLPI #0000012] New ticket Issue test mail 
2026-04-01 07:53:44 [9@TEKCEZ-SQL01]
An email to vignesh.k@tekosol.com was added to queue: [GLPI #0000012] New ticket Issue test mail 
2026-04-01 07:56:11 [2@TEKCEZ-SQL01]
An email was sent to no-reply@tekosol.com: [GLPI #0000012] New ticket Issue test mail 
2026-04-01 07:56:52 [2@TEKCEZ-SQL01]
An email was sent to vignesh.k@tekosol.com: [GLPI #0000012] New ticket Issue test mail 
2026-04-01 08:26:59 [9@TEKCEZ-SQL01]
An email to no-reply@tekosol.com was added to queue: [GLPI #0000013] New ticket Automatic
2026-04-01 08:26:59 [9@TEKCEZ-SQL01]
An email to vignesh.k@tekosol.com was added to queue: [GLPI #0000013] New ticket Automatic
2026-04-01 08:27:05 [@TEKCEZ-SQL01]
An email was sent to no-reply@tekosol.com: [GLPI #0000013] New ticket Automatic
2026-04-01 08:27:06 [@TEKCEZ-SQL01]
An email was sent to vignesh.k@tekosol.com: [GLPI #0000013] New ticket Automatic
2026-04-01 08:28:28 [9@TEKCEZ-SQL01]
An email to no-reply@tekosol.com was added to queue: [GLPI #0000014] New ticket hello
2026-04-01 08:28:28 [9@TEKCEZ-SQL01]
An email to vignesh.k@tekosol.com was added to queue: [GLPI #0000014] New ticket hello
2026-04-01 08:29:03 [@TEKCEZ-SQL01]
An email was sent to no-reply@tekosol.com: [GLPI #0000014] New ticket hello
2026-04-01 08:29:04 [@TEKCEZ-SQL01]
An email was sent to vignesh.k@tekosol.com: [GLPI #0000014] New ticket hello
2026-04-01 08:29:49 [2@TEKCEZ-SQL01]
An email to no-reply@tekosol.com was added to queue: [GLPI #0000014] Ticket solved hello
2026-04-01 08:29:49 [2@TEKCEZ-SQL01]
An email to vignesh.k@tekosol.com was added to queue: [GLPI #0000014] Ticket solved hello
2026-04-01 08:30:04 [@TEKCEZ-SQL01]
An email was sent to no-reply@tekosol.com: [GLPI #0000014] Ticket solved hello
2026-04-01 08:30:04 [@TEKCEZ-SQL01]
An email was sent to vignesh.k@tekosol.com: [GLPI #0000014] Ticket solved hello
2026-04-20 06:52:28 [2@TEKCEZ-SQL01]
An email to no-reply@tekosol.com was added to queue: [GLPI #0000015] New ticket Testing mail with no reply
2026-04-20 06:53:08 [@TEKCEZ-SQL01]
An email was sent to no-reply@tekosol.com: [GLPI #0000015] New ticket Testing mail with no reply
2026-07-07 07:25:48 [@TEKSEZ-APP02]
An email to servicedesk@tekosol.com was added to queue: [GLPI] Receiver errors
2026-07-13 09:28:40 [2@TEKSEZ-APP02]
An email to servicedesk@tekosol.com was added to queue: [GLPI #0000015] Deletion of a ticket Testing mail with no reply
2026-07-13 09:29:10 [2@TEKSEZ-APP02]
An email to servicedesk@tekosol.com was added to queue: [GLPI #0000001] Deletion of a ticket Database is not working properly 
2026-07-13 09:29:11 [2@TEKSEZ-APP02]
An email to servicedesk@tekosol.com was added to queue: [GLPI #0000002] Deletion of a ticket ticket 
2026-07-13 09:29:11 [2@TEKSEZ-APP02]
An email to servicedesk@tekosol.com was added to queue: [GLPI #0000003] Deletion of a ticket Testing
2026-07-13 09:29:12 [2@TEKSEZ-APP02]
An email to servicedesk@tekosol.com was added to queue: [GLPI #0000004] Deletion of a ticket request
2026-07-13 09:29:12 [2@TEKSEZ-APP02]
An email to servicedesk@tekosol.com was added to queue: [GLPI #0000005] Deletion of a ticket Fix the dev bug
2026-07-13 09:29:12 [2@TEKSEZ-APP02]
An email to servicedesk@tekosol.com was added to queue: [GLPI #0000006] Deletion of a ticket ert
2026-07-13 09:29:12 [2@TEKSEZ-APP02]
An email to servicedesk@tekosol.com was added to queue: [GLPI #0000007] Deletion of a ticket WT
2026-07-13 09:29:13 [2@TEKSEZ-APP02]
An email to servicedesk@tekosol.com was added to queue: [GLPI #0000008] Deletion of a ticket request 1
2026-07-13 09:29:13 [2@TEKSEZ-APP02]
An email to servicedesk@tekosol.com was added to queue: [GLPI #0000009] Deletion of a ticket Database offline
2026-07-13 09:29:13 [2@TEKSEZ-APP02]
An email to servicedesk@tekosol.com was added to queue: [GLPI #0000010] Deletion of a ticket Database offline
2026-07-13 09:29:13 [2@TEKSEZ-APP02]
An email to servicedesk@tekosol.com was added to queue: [GLPI #0000011] Deletion of a ticket title approval
2026-07-13 09:29:14 [2@TEKSEZ-APP02]
An email to servicedesk@tekosol.com was added to queue: [GLPI #0000012] Deletion of a ticket Issue test mail 
2026-07-13 09:29:14 [2@TEKSEZ-APP02]
An email to servicedesk@tekosol.com was added to queue: [GLPI #0000013] Deletion of a ticket Automatic
2026-07-13 09:29:14 [2@TEKSEZ-APP02]
An email to servicedesk@tekosol.com was added to queue: [GLPI #0000014] Deletion of a ticket hello
2026-07-13 09:29:15 [2@TEKSEZ-APP02]
An email to servicedesk@tekosol.com was added to queue: [GLPI #0000015] Deletion of a ticket Testing mail with no reply
2026-07-13 09:31:46 [2@TEKSEZ-APP02]
An email to servicedesk@tekosol.com was added to queue: [GLPI #0000015] Deletion of a ticket Testing mail with no reply
2026-07-13 09:54:16 [2@TEKSEZ-APP02]
An email to servicedesk@tekosol.com was added to queue: [GLPI #0000003] Deletion of a ticket Testing
2026-07-13 09:54:16 [2@TEKSEZ-APP02]
An email to servicedesk@tekosol.com was added to queue: [GLPI #0000003] Deletion of a ticket Testing
2026-07-13 09:54:38 [2@TEKSEZ-APP02]
An email to servicedesk@tekosol.com was added to queue: [GLPI #0000003] Deletion of a ticket Testing
2026-07-13 09:56:41 [2@TEKSEZ-APP02]
An email to servicedesk@tekosol.com was added to queue: [GLPI #0000001] Deletion of a ticket Database is not working properly 
2026-07-13 09:56:42 [2@TEKSEZ-APP02]
An email to servicedesk@tekosol.com was added to queue: [GLPI #0000002] Deletion of a ticket ticket 
2026-07-13 09:56:42 [2@TEKSEZ-APP02]
An email to servicedesk@tekosol.com was added to queue: [GLPI #0000004] Deletion of a ticket request
2026-07-13 09:56:43 [2@TEKSEZ-APP02]
An email to servicedesk@tekosol.com was added to queue: [GLPI #0000004] Deletion of a task request
2026-07-13 09:56:43 [2@TEKSEZ-APP02]
An email to vignesh.k@tekosol.com was added to queue: [GLPI #0000004] Deletion of a task request
2026-07-13 09:56:43 [2@TEKSEZ-APP02]
An email to servicedesk@tekosol.com was added to queue: [GLPI #0000005] Deletion of a ticket Fix the dev bug
2026-07-13 09:56:44 [2@TEKSEZ-APP02]
An email to servicedesk@tekosol.com was added to queue: [GLPI #0000006] Deletion of a ticket ert
2026-07-13 09:56:44 [2@TEKSEZ-APP02]
An email to servicedesk@tekosol.com was added to queue: [GLPI #0000007] Deletion of a ticket WT
2026-07-13 09:56:45 [2@TEKSEZ-APP02]
An email to servicedesk@tekosol.com was added to queue: [GLPI #0000008] Deletion of a ticket request 1
2026-07-13 09:56:46 [2@TEKSEZ-APP02]
An email to servicedesk@tekosol.com was added to queue: [GLPI #0000009] Deletion of a ticket Database offline
2026-07-13 09:56:46 [2@TEKSEZ-APP02]
An email to servicedesk@tekosol.com was added to queue: [GLPI #0000010] Deletion of a ticket Database offline
2026-07-13 09:56:47 [2@TEKSEZ-APP02]
An email to servicedesk@tekosol.com was added to queue: [GLPI #0000011] Deletion of a ticket title approval
2026-07-13 09:56:48 [2@TEKSEZ-APP02]
An email to servicedesk@tekosol.com was added to queue: [GLPI #0000012] Deletion of a ticket Issue test mail 
2026-07-13 09:56:49 [2@TEKSEZ-APP02]
An email to servicedesk@tekosol.com was added to queue: [GLPI #0000013] Deletion of a ticket Automatic
2026-07-13 09:56:49 [2@TEKSEZ-APP02]
An email to servicedesk@tekosol.com was added to queue: [GLPI #0000014] Deletion of a ticket hello
2026-07-13 09:56:50 [2@TEKSEZ-APP02]
An email to servicedesk@tekosol.com was added to queue: [GLPI #0000015] Deletion of a ticket Testing mail with no reply
